../Core/Src/main.c:106:5:main	16	static
../Core/Src/main.c:200:6:SystemClock_Config	88	static
../Core/Src/main.c:242:13:MX_TIM1_Init	96	static
../Core/Src/main.c:317:13:MX_TIM3_Init	64	static
../Core/Src/main.c:384:13:MX_USART1_UART_Init	8	static
../Core/Src/main.c:417:13:MX_USART2_UART_Init	8	static
../Core/Src/main.c:450:13:MX_GPIO_Init	40	static
../Core/Src/main.c:496:6:StartDefaultTask	16	static
../Core/Src/main.c:514:6:ApModeFunc	16	static
../Core/Src/main.c:533:6:funcMotor	16	static
../Core/Src/main.c:552:6:funcRgbLED	16	static
../Core/Src/main.c:572:6:HAL_TIM_PeriodElapsedCallback	16	static
../Core/Src/main.c:589:6:Error_Handler	4	static,ignoring_inline_asm
